DUTS-TR-Image\0001.jpg DUTS-TR-Contour\0001.png
DUTS-TR-Image\0003.jpg DUTS-TR-Contour\0003.png
DUTS-TR-Image\0004.jpg DUTS-TR-Contour\0004.png
DUTS-TR-Image\0005.jpg DUTS-TR-Contour\0005.png
DUTS-TR-Image\0007.jpg DUTS-TR-Contour\0007.png
DUTS-TR-Image\0008.jpg DUTS-TR-Contour\0008.png
DUTS-TR-Image\0009.jpg DUTS-TR-Contour\0009.png
DUTS-TR-Image\0011.jpg DUTS-TR-Contour\0011.png
DUTS-TR-Image\0012.jpg DUTS-TR-Contour\0012.png
DUTS-TR-Image\0013.jpg DUTS-TR-Contour\0013.png
DUTS-TR-Image\0014.jpg DUTS-TR-Contour\0014.png
DUTS-TR-Image\0015.jpg DUTS-TR-Contour\0015.png
DUTS-TR-Image\0016.jpg DUTS-TR-Contour\0016.png
DUTS-TR-Image\0020.jpg DUTS-TR-Contour\0020.png
DUTS-TR-Image\0022.jpg DUTS-TR-Contour\0022.png
DUTS-TR-Image\0024.jpg DUTS-TR-Contour\0024.png
DUTS-TR-Image\0027.jpg DUTS-TR-Contour\0027.png
DUTS-TR-Image\0028.jpg DUTS-TR-Contour\0028.png
DUTS-TR-Image\0030.jpg DUTS-TR-Contour\0030.png
DUTS-TR-Image\0031.jpg DUTS-TR-Contour\0031.png
DUTS-TR-Image\0032.jpg DUTS-TR-Contour\0032.png
DUTS-TR-Image\0035.jpg DUTS-TR-Contour\0035.png
DUTS-TR-Image\0037.jpg DUTS-TR-Contour\0037.png
DUTS-TR-Image\0039.jpg DUTS-TR-Contour\0039.png
DUTS-TR-Image\0041.jpg DUTS-TR-Contour\0041.png
DUTS-TR-Image\0042.jpg DUTS-TR-Contour\0042.png
DUTS-TR-Image\0043.jpg DUTS-TR-Contour\0043.png
DUTS-TR-Image\0044.jpg DUTS-TR-Contour\0044.png
DUTS-TR-Image\0045.jpg DUTS-TR-Contour\0045.png
DUTS-TR-Image\0046.jpg DUTS-TR-Contour\0046.png
DUTS-TR-Image\0047.jpg DUTS-TR-Contour\0047.png
DUTS-TR-Image\0048.jpg DUTS-TR-Contour\0048.png
DUTS-TR-Image\0049.jpg DUTS-TR-Contour\0049.png
DUTS-TR-Image\0050.jpg DUTS-TR-Contour\0050.png
DUTS-TR-Image\0051.jpg DUTS-TR-Contour\0051.png
DUTS-TR-Image\0052.jpg DUTS-TR-Contour\0052.png
DUTS-TR-Image\0053.jpg DUTS-TR-Contour\0053.png
DUTS-TR-Image\0054.jpg DUTS-TR-Contour\0054.png
DUTS-TR-Image\0056.jpg DUTS-TR-Contour\0056.png
DUTS-TR-Image\0058.jpg DUTS-TR-Contour\0058.png
DUTS-TR-Image\0059.jpg DUTS-TR-Contour\0059.png
DUTS-TR-Image\0060.jpg DUTS-TR-Contour\0060.png
DUTS-TR-Image\0065.jpg DUTS-TR-Contour\0065.png
DUTS-TR-Image\0067.jpg DUTS-TR-Contour\0067.png
DUTS-TR-Image\0068.jpg DUTS-TR-Contour\0068.png
DUTS-TR-Image\0070.jpg DUTS-TR-Contour\0070.png
DUTS-TR-Image\0071.jpg DUTS-TR-Contour\0071.png
DUTS-TR-Image\0072.jpg DUTS-TR-Contour\0072.png
DUTS-TR-Image\0073.jpg DUTS-TR-Contour\0073.png
DUTS-TR-Image\0074.jpg DUTS-TR-Contour\0074.png
DUTS-TR-Image\0075.jpg DUTS-TR-Contour\0075.png
DUTS-TR-Image\0076.jpg DUTS-TR-Contour\0076.png
DUTS-TR-Image\0077.jpg DUTS-TR-Contour\0077.png
DUTS-TR-Image\0078.jpg DUTS-TR-Contour\0078.png
DUTS-TR-Image\0079.jpg DUTS-TR-Contour\0079.png
DUTS-TR-Image\0081.jpg DUTS-TR-Contour\0081.png
DUTS-TR-Image\0083.jpg DUTS-TR-Contour\0083.png
DUTS-TR-Image\0084.jpg DUTS-TR-Contour\0084.png
DUTS-TR-Image\0085.jpg DUTS-TR-Contour\0085.png
DUTS-TR-Image\0086.jpg DUTS-TR-Contour\0086.png
DUTS-TR-Image\0087.jpg DUTS-TR-Contour\0087.png
DUTS-TR-Image\0088.jpg DUTS-TR-Contour\0088.png
DUTS-TR-Image\0089.jpg DUTS-TR-Contour\0089.png
DUTS-TR-Image\0091.jpg DUTS-TR-Contour\0091.png
DUTS-TR-Image\0092.jpg DUTS-TR-Contour\0092.png
DUTS-TR-Image\0093.jpg DUTS-TR-Contour\0093.png
DUTS-TR-Image\0095.jpg DUTS-TR-Contour\0095.png
DUTS-TR-Image\0097.jpg DUTS-TR-Contour\0097.png
DUTS-TR-Image\0098.jpg DUTS-TR-Contour\0098.png
DUTS-TR-Image\0100.jpg DUTS-TR-Contour\0100.png
DUTS-TR-Image\0101.jpg DUTS-TR-Contour\0101.png
DUTS-TR-Image\0103.jpg DUTS-TR-Contour\0103.png
DUTS-TR-Image\0104.jpg DUTS-TR-Contour\0104.png
DUTS-TR-Image\0105.jpg DUTS-TR-Contour\0105.png
DUTS-TR-Image\0106.jpg DUTS-TR-Contour\0106.png
DUTS-TR-Image\0107.jpg DUTS-TR-Contour\0107.png
DUTS-TR-Image\0108.jpg DUTS-TR-Contour\0108.png
DUTS-TR-Image\0109.jpg DUTS-TR-Contour\0109.png
DUTS-TR-Image\0110.jpg DUTS-TR-Contour\0110.png
DUTS-TR-Image\0112.jpg DUTS-TR-Contour\0112.png
DUTS-TR-Image\0114.jpg DUTS-TR-Contour\0114.png
DUTS-TR-Image\0115.jpg DUTS-TR-Contour\0115.png
DUTS-TR-Image\0117.jpg DUTS-TR-Contour\0117.png
DUTS-TR-Image\0118.jpg DUTS-TR-Contour\0118.png
DUTS-TR-Image\0119.jpg DUTS-TR-Contour\0119.png
DUTS-TR-Image\0120.jpg DUTS-TR-Contour\0120.png
DUTS-TR-Image\0123.jpg DUTS-TR-Contour\0123.png
DUTS-TR-Image\0124.jpg DUTS-TR-Contour\0124.png
DUTS-TR-Image\0125.jpg DUTS-TR-Contour\0125.png
DUTS-TR-Image\0126.jpg DUTS-TR-Contour\0126.png
DUTS-TR-Image\0127.jpg DUTS-TR-Contour\0127.png
DUTS-TR-Image\0129.jpg DUTS-TR-Contour\0129.png
DUTS-TR-Image\0130.jpg DUTS-TR-Contour\0130.png
DUTS-TR-Image\0132.jpg DUTS-TR-Contour\0132.png
DUTS-TR-Image\0134.jpg DUTS-TR-Contour\0134.png
DUTS-TR-Image\0136.jpg DUTS-TR-Contour\0136.png
DUTS-TR-Image\0138.jpg DUTS-TR-Contour\0138.png
DUTS-TR-Image\0139.jpg DUTS-TR-Contour\0139.png
DUTS-TR-Image\0140.jpg DUTS-TR-Contour\0140.png
DUTS-TR-Image\0142.jpg DUTS-TR-Contour\0142.png
DUTS-TR-Image\0145.jpg DUTS-TR-Contour\0145.png
DUTS-TR-Image\0146.jpg DUTS-TR-Contour\0146.png
DUTS-TR-Image\0148.jpg DUTS-TR-Contour\0148.png
DUTS-TR-Image\0149.jpg DUTS-TR-Contour\0149.png
DUTS-TR-Image\0150.jpg DUTS-TR-Contour\0150.png
DUTS-TR-Image\0151.jpg DUTS-TR-Contour\0151.png
DUTS-TR-Image\0153.jpg DUTS-TR-Contour\0153.png
DUTS-TR-Image\0154.jpg DUTS-TR-Contour\0154.png
DUTS-TR-Image\0155.jpg DUTS-TR-Contour\0155.png
DUTS-TR-Image\0156.jpg DUTS-TR-Contour\0156.png
DUTS-TR-Image\0159.jpg DUTS-TR-Contour\0159.png
DUTS-TR-Image\0160.jpg DUTS-TR-Contour\0160.png
DUTS-TR-Image\0161.jpg DUTS-TR-Contour\0161.png
DUTS-TR-Image\0163.jpg DUTS-TR-Contour\0163.png
DUTS-TR-Image\0164.jpg DUTS-TR-Contour\0164.png
DUTS-TR-Image\0165.jpg DUTS-TR-Contour\0165.png
DUTS-TR-Image\0166.jpg DUTS-TR-Contour\0166.png
DUTS-TR-Image\0168.jpg DUTS-TR-Contour\0168.png
DUTS-TR-Image\0169.jpg DUTS-TR-Contour\0169.png
DUTS-TR-Image\0171.jpg DUTS-TR-Contour\0171.png
DUTS-TR-Image\0173.jpg DUTS-TR-Contour\0173.png
DUTS-TR-Image\0174.jpg DUTS-TR-Contour\0174.png
DUTS-TR-Image\0175.jpg DUTS-TR-Contour\0175.png
DUTS-TR-Image\0176.jpg DUTS-TR-Contour\0176.png
DUTS-TR-Image\0177.jpg DUTS-TR-Contour\0177.png
DUTS-TR-Image\0178.jpg DUTS-TR-Contour\0178.png
DUTS-TR-Image\0181.jpg DUTS-TR-Contour\0181.png
DUTS-TR-Image\0182.jpg DUTS-TR-Contour\0182.png
DUTS-TR-Image\0183.jpg DUTS-TR-Contour\0183.png
DUTS-TR-Image\0184.jpg DUTS-TR-Contour\0184.png
DUTS-TR-Image\0185.jpg DUTS-TR-Contour\0185.png
DUTS-TR-Image\0186.jpg DUTS-TR-Contour\0186.png
DUTS-TR-Image\0188.jpg DUTS-TR-Contour\0188.png
DUTS-TR-Image\0189.jpg DUTS-TR-Contour\0189.png
DUTS-TR-Image\0190.jpg DUTS-TR-Contour\0190.png
DUTS-TR-Image\0191.jpg DUTS-TR-Contour\0191.png
DUTS-TR-Image\0192.jpg DUTS-TR-Contour\0192.png
DUTS-TR-Image\0193.jpg DUTS-TR-Contour\0193.png
DUTS-TR-Image\0194.jpg DUTS-TR-Contour\0194.png
DUTS-TR-Image\0195.jpg DUTS-TR-Contour\0195.png
DUTS-TR-Image\0197.jpg DUTS-TR-Contour\0197.png
DUTS-TR-Image\0198.jpg DUTS-TR-Contour\0198.png
DUTS-TR-Image\0200.jpg DUTS-TR-Contour\0200.png
DUTS-TR-Image\0202.jpg DUTS-TR-Contour\0202.png
DUTS-TR-Image\0205.jpg DUTS-TR-Contour\0205.png
DUTS-TR-Image\0206.jpg DUTS-TR-Contour\0206.png
DUTS-TR-Image\0207.jpg DUTS-TR-Contour\0207.png
DUTS-TR-Image\0208.jpg DUTS-TR-Contour\0208.png
DUTS-TR-Image\0209.jpg DUTS-TR-Contour\0209.png
DUTS-TR-Image\0210.jpg DUTS-TR-Contour\0210.png
DUTS-TR-Image\0211.jpg DUTS-TR-Contour\0211.png
DUTS-TR-Image\0213.jpg DUTS-TR-Contour\0213.png
DUTS-TR-Image\0214.jpg DUTS-TR-Contour\0214.png
DUTS-TR-Image\0215.jpg DUTS-TR-Contour\0215.png
DUTS-TR-Image\0216.jpg DUTS-TR-Contour\0216.png
DUTS-TR-Image\0217.jpg DUTS-TR-Contour\0217.png
DUTS-TR-Image\0218.jpg DUTS-TR-Contour\0218.png
DUTS-TR-Image\0220.jpg DUTS-TR-Contour\0220.png
DUTS-TR-Image\0221.jpg DUTS-TR-Contour\0221.png
DUTS-TR-Image\0222.jpg DUTS-TR-Contour\0222.png
DUTS-TR-Image\0223.jpg DUTS-TR-Contour\0223.png
DUTS-TR-Image\0225.jpg DUTS-TR-Contour\0225.png
DUTS-TR-Image\0226.jpg DUTS-TR-Contour\0226.png
DUTS-TR-Image\0228.jpg DUTS-TR-Contour\0228.png
DUTS-TR-Image\0229.jpg DUTS-TR-Contour\0229.png
DUTS-TR-Image\0230.jpg DUTS-TR-Contour\0230.png
DUTS-TR-Image\0231.jpg DUTS-TR-Contour\0231.png
DUTS-TR-Image\0232.jpg DUTS-TR-Contour\0232.png
DUTS-TR-Image\0233.jpg DUTS-TR-Contour\0233.png
DUTS-TR-Image\0234.jpg DUTS-TR-Contour\0234.png
DUTS-TR-Image\0238.jpg DUTS-TR-Contour\0238.png
DUTS-TR-Image\0239.jpg DUTS-TR-Contour\0239.png
DUTS-TR-Image\0240.jpg DUTS-TR-Contour\0240.png
DUTS-TR-Image\0241.jpg DUTS-TR-Contour\0241.png
DUTS-TR-Image\0244.jpg DUTS-TR-Contour\0244.png
DUTS-TR-Image\0245.jpg DUTS-TR-Contour\0245.png
DUTS-TR-Image\0246.jpg DUTS-TR-Contour\0246.png
DUTS-TR-Image\0247.jpg DUTS-TR-Contour\0247.png
DUTS-TR-Image\0248.jpg DUTS-TR-Contour\0248.png
DUTS-TR-Image\0249.jpg DUTS-TR-Contour\0249.png
DUTS-TR-Image\0250.jpg DUTS-TR-Contour\0250.png
DUTS-TR-Image\0251.jpg DUTS-TR-Contour\0251.png
DUTS-TR-Image\0252.jpg DUTS-TR-Contour\0252.png
DUTS-TR-Image\0253.jpg DUTS-TR-Contour\0253.png
DUTS-TR-Image\0256.jpg DUTS-TR-Contour\0256.png
DUTS-TR-Image\0257.jpg DUTS-TR-Contour\0257.png
DUTS-TR-Image\0258.jpg DUTS-TR-Contour\0258.png
DUTS-TR-Image\0261.jpg DUTS-TR-Contour\0261.png
DUTS-TR-Image\0262.jpg DUTS-TR-Contour\0262.png
DUTS-TR-Image\0265.jpg DUTS-TR-Contour\0265.png
DUTS-TR-Image\0266.jpg DUTS-TR-Contour\0266.png
DUTS-TR-Image\0267.jpg DUTS-TR-Contour\0267.png
DUTS-TR-Image\0268.jpg DUTS-TR-Contour\0268.png
DUTS-TR-Image\0269.jpg DUTS-TR-Contour\0269.png
DUTS-TR-Image\0270.jpg DUTS-TR-Contour\0270.png
DUTS-TR-Image\0271.jpg DUTS-TR-Contour\0271.png
DUTS-TR-Image\0272.jpg DUTS-TR-Contour\0272.png
DUTS-TR-Image\0274.jpg DUTS-TR-Contour\0274.png
DUTS-TR-Image\0275.jpg DUTS-TR-Contour\0275.png
DUTS-TR-Image\0276.jpg DUTS-TR-Contour\0276.png
DUTS-TR-Image\0277.jpg DUTS-TR-Contour\0277.png
DUTS-TR-Image\0278.jpg DUTS-TR-Contour\0278.png
DUTS-TR-Image\0284.jpg DUTS-TR-Contour\0284.png
DUTS-TR-Image\0287.jpg DUTS-TR-Contour\0287.png
DUTS-TR-Image\0288.jpg DUTS-TR-Contour\0288.png
DUTS-TR-Image\0290.jpg DUTS-TR-Contour\0290.png
DUTS-TR-Image\0291.jpg DUTS-TR-Contour\0291.png
DUTS-TR-Image\0292.jpg DUTS-TR-Contour\0292.png
DUTS-TR-Image\0293.jpg DUTS-TR-Contour\0293.png
DUTS-TR-Image\0294.jpg DUTS-TR-Contour\0294.png
DUTS-TR-Image\0296.jpg DUTS-TR-Contour\0296.png
DUTS-TR-Image\0297.jpg DUTS-TR-Contour\0297.png
DUTS-TR-Image\0298.jpg DUTS-TR-Contour\0298.png
DUTS-TR-Image\0299.jpg DUTS-TR-Contour\0299.png
DUTS-TR-Image\0301.jpg DUTS-TR-Contour\0301.png
DUTS-TR-Image\0303.jpg DUTS-TR-Contour\0303.png
DUTS-TR-Image\0304.jpg DUTS-TR-Contour\0304.png
DUTS-TR-Image\0305.jpg DUTS-TR-Contour\0305.png
DUTS-TR-Image\0306.jpg DUTS-TR-Contour\0306.png
DUTS-TR-Image\0307.jpg DUTS-TR-Contour\0307.png
DUTS-TR-Image\0308.jpg DUTS-TR-Contour\0308.png
DUTS-TR-Image\0310.jpg DUTS-TR-Contour\0310.png
DUTS-TR-Image\0312.jpg DUTS-TR-Contour\0312.png
DUTS-TR-Image\0313.jpg DUTS-TR-Contour\0313.png
DUTS-TR-Image\0314.jpg DUTS-TR-Contour\0314.png
DUTS-TR-Image\0316.jpg DUTS-TR-Contour\0316.png
DUTS-TR-Image\0317.jpg DUTS-TR-Contour\0317.png
DUTS-TR-Image\0318.jpg DUTS-TR-Contour\0318.png
DUTS-TR-Image\0319.jpg DUTS-TR-Contour\0319.png
DUTS-TR-Image\0321.jpg DUTS-TR-Contour\0321.png
DUTS-TR-Image\0323.jpg DUTS-TR-Contour\0323.png
DUTS-TR-Image\0325.jpg DUTS-TR-Contour\0325.png
DUTS-TR-Image\0326.jpg DUTS-TR-Contour\0326.png
DUTS-TR-Image\0328.jpg DUTS-TR-Contour\0328.png
DUTS-TR-Image\0329.jpg DUTS-TR-Contour\0329.png
DUTS-TR-Image\0330.jpg DUTS-TR-Contour\0330.png
DUTS-TR-Image\0332.jpg DUTS-TR-Contour\0332.png
DUTS-TR-Image\0333.jpg DUTS-TR-Contour\0333.png
DUTS-TR-Image\0334.jpg DUTS-TR-Contour\0334.png
DUTS-TR-Image\0335.jpg DUTS-TR-Contour\0335.png
DUTS-TR-Image\0336.jpg DUTS-TR-Contour\0336.png
DUTS-TR-Image\0337.jpg DUTS-TR-Contour\0337.png
DUTS-TR-Image\0339.jpg DUTS-TR-Contour\0339.png
DUTS-TR-Image\0342.jpg DUTS-TR-Contour\0342.png
DUTS-TR-Image\0343.jpg DUTS-TR-Contour\0343.png
DUTS-TR-Image\0346.jpg DUTS-TR-Contour\0346.png
DUTS-TR-Image\0348.jpg DUTS-TR-Contour\0348.png
DUTS-TR-Image\0349.jpg DUTS-TR-Contour\0349.png
DUTS-TR-Image\0350.jpg DUTS-TR-Contour\0350.png
DUTS-TR-Image\0351.jpg DUTS-TR-Contour\0351.png
DUTS-TR-Image\0354.jpg DUTS-TR-Contour\0354.png
DUTS-TR-Image\0355.jpg DUTS-TR-Contour\0355.png
DUTS-TR-Image\0356.jpg DUTS-TR-Contour\0356.png
DUTS-TR-Image\0358.jpg DUTS-TR-Contour\0358.png
DUTS-TR-Image\0359.jpg DUTS-TR-Contour\0359.png
DUTS-TR-Image\0361.jpg DUTS-TR-Contour\0361.png
DUTS-TR-Image\0362.jpg DUTS-TR-Contour\0362.png
DUTS-TR-Image\0363.jpg DUTS-TR-Contour\0363.png
DUTS-TR-Image\0364.jpg DUTS-TR-Contour\0364.png
DUTS-TR-Image\0369.jpg DUTS-TR-Contour\0369.png
DUTS-TR-Image\0370.jpg DUTS-TR-Contour\0370.png
DUTS-TR-Image\0372.jpg DUTS-TR-Contour\0372.png
DUTS-TR-Image\0373.jpg DUTS-TR-Contour\0373.png
DUTS-TR-Image\0374.jpg DUTS-TR-Contour\0374.png
DUTS-TR-Image\0379.jpg DUTS-TR-Contour\0379.png
DUTS-TR-Image\0380.jpg DUTS-TR-Contour\0380.png
DUTS-TR-Image\0383.jpg DUTS-TR-Contour\0383.png
DUTS-TR-Image\0385.jpg DUTS-TR-Contour\0385.png
DUTS-TR-Image\0387.jpg DUTS-TR-Contour\0387.png
DUTS-TR-Image\0388.jpg DUTS-TR-Contour\0388.png
DUTS-TR-Image\0389.jpg DUTS-TR-Contour\0389.png
DUTS-TR-Image\0390.jpg DUTS-TR-Contour\0390.png
DUTS-TR-Image\0392.jpg DUTS-TR-Contour\0392.png
DUTS-TR-Image\0393.jpg DUTS-TR-Contour\0393.png
DUTS-TR-Image\0394.jpg DUTS-TR-Contour\0394.png
DUTS-TR-Image\0395.jpg DUTS-TR-Contour\0395.png
DUTS-TR-Image\0396.jpg DUTS-TR-Contour\0396.png
DUTS-TR-Image\0398.jpg DUTS-TR-Contour\0398.png
DUTS-TR-Image\0399.jpg DUTS-TR-Contour\0399.png
DUTS-TR-Image\0401.jpg DUTS-TR-Contour\0401.png
DUTS-TR-Image\0402.jpg DUTS-TR-Contour\0402.png
DUTS-TR-Image\0405.jpg DUTS-TR-Contour\0405.png
DUTS-TR-Image\0408.jpg DUTS-TR-Contour\0408.png
DUTS-TR-Image\0409.jpg DUTS-TR-Contour\0409.png
DUTS-TR-Image\0411.jpg DUTS-TR-Contour\0411.png
DUTS-TR-Image\0412.jpg DUTS-TR-Contour\0412.png
DUTS-TR-Image\0413.jpg DUTS-TR-Contour\0413.png
DUTS-TR-Image\0414.jpg DUTS-TR-Contour\0414.png
DUTS-TR-Image\0416.jpg DUTS-TR-Contour\0416.png
DUTS-TR-Image\0418.jpg DUTS-TR-Contour\0418.png
DUTS-TR-Image\0420.jpg DUTS-TR-Contour\0420.png
DUTS-TR-Image\0422.jpg DUTS-TR-Contour\0422.png
DUTS-TR-Image\0423.jpg DUTS-TR-Contour\0423.png
DUTS-TR-Image\0428.jpg DUTS-TR-Contour\0428.png
DUTS-TR-Image\0429.jpg DUTS-TR-Contour\0429.png
DUTS-TR-Image\0430.jpg DUTS-TR-Contour\0430.png
DUTS-TR-Image\0432.jpg DUTS-TR-Contour\0432.png
DUTS-TR-Image\0433.jpg DUTS-TR-Contour\0433.png
DUTS-TR-Image\0434.jpg DUTS-TR-Contour\0434.png
DUTS-TR-Image\0435.jpg DUTS-TR-Contour\0435.png
DUTS-TR-Image\0436.jpg DUTS-TR-Contour\0436.png
DUTS-TR-Image\0437.jpg DUTS-TR-Contour\0437.png
DUTS-TR-Image\0438.jpg DUTS-TR-Contour\0438.png
DUTS-TR-Image\0440.jpg DUTS-TR-Contour\0440.png
DUTS-TR-Image\0441.jpg DUTS-TR-Contour\0441.png
DUTS-TR-Image\0442.jpg DUTS-TR-Contour\0442.png
DUTS-TR-Image\0443.jpg DUTS-TR-Contour\0443.png
DUTS-TR-Image\0445.jpg DUTS-TR-Contour\0445.png
DUTS-TR-Image\0446.jpg DUTS-TR-Contour\0446.png
DUTS-TR-Image\0447.jpg DUTS-TR-Contour\0447.png
DUTS-TR-Image\0449.jpg DUTS-TR-Contour\0449.png
DUTS-TR-Image\0450.jpg DUTS-TR-Contour\0450.png
DUTS-TR-Image\0451.jpg DUTS-TR-Contour\0451.png
DUTS-TR-Image\0452.jpg DUTS-TR-Contour\0452.png
DUTS-TR-Image\0453.jpg DUTS-TR-Contour\0453.png
DUTS-TR-Image\0454.jpg DUTS-TR-Contour\0454.png
DUTS-TR-Image\0456.jpg DUTS-TR-Contour\0456.png
DUTS-TR-Image\0457.jpg DUTS-TR-Contour\0457.png
DUTS-TR-Image\0458.jpg DUTS-TR-Contour\0458.png
DUTS-TR-Image\0459.jpg DUTS-TR-Contour\0459.png
DUTS-TR-Image\0460.jpg DUTS-TR-Contour\0460.png
DUTS-TR-Image\0461.jpg DUTS-TR-Contour\0461.png
DUTS-TR-Image\0462.jpg DUTS-TR-Contour\0462.png
DUTS-TR-Image\0463.jpg DUTS-TR-Contour\0463.png
DUTS-TR-Image\0464.jpg DUTS-TR-Contour\0464.png
DUTS-TR-Image\0469.jpg DUTS-TR-Contour\0469.png
DUTS-TR-Image\0471.jpg DUTS-TR-Contour\0471.png
DUTS-TR-Image\0473.jpg DUTS-TR-Contour\0473.png
DUTS-TR-Image\0475.jpg DUTS-TR-Contour\0475.png
DUTS-TR-Image\0476.jpg DUTS-TR-Contour\0476.png
DUTS-TR-Image\0478.jpg DUTS-TR-Contour\0478.png
DUTS-TR-Image\0479.jpg DUTS-TR-Contour\0479.png
DUTS-TR-Image\0480.jpg DUTS-TR-Contour\0480.png
DUTS-TR-Image\0481.jpg DUTS-TR-Contour\0481.png
DUTS-TR-Image\0483.jpg DUTS-TR-Contour\0483.png
DUTS-TR-Image\0485.jpg DUTS-TR-Contour\0485.png
DUTS-TR-Image\0486.jpg DUTS-TR-Contour\0486.png
DUTS-TR-Image\0487.jpg DUTS-TR-Contour\0487.png
DUTS-TR-Image\0488.jpg DUTS-TR-Contour\0488.png
DUTS-TR-Image\0489.jpg DUTS-TR-Contour\0489.png
DUTS-TR-Image\0490.jpg DUTS-TR-Contour\0490.png
DUTS-TR-Image\0491.jpg DUTS-TR-Contour\0491.png
DUTS-TR-Image\0492.jpg DUTS-TR-Contour\0492.png
DUTS-TR-Image\0493.jpg DUTS-TR-Contour\0493.png
DUTS-TR-Image\0494.jpg DUTS-TR-Contour\0494.png
DUTS-TR-Image\0495.jpg DUTS-TR-Contour\0495.png
DUTS-TR-Image\0496.jpg DUTS-TR-Contour\0496.png
DUTS-TR-Image\0497.jpg DUTS-TR-Contour\0497.png
DUTS-TR-Image\0500.jpg DUTS-TR-Contour\0500.png
DUTS-TR-Image\0501.jpg DUTS-TR-Contour\0501.png
DUTS-TR-Image\0502.jpg DUTS-TR-Contour\0502.png
DUTS-TR-Image\0503.jpg DUTS-TR-Contour\0503.png
DUTS-TR-Image\0505.jpg DUTS-TR-Contour\0505.png
DUTS-TR-Image\0507.jpg DUTS-TR-Contour\0507.png
DUTS-TR-Image\0508.jpg DUTS-TR-Contour\0508.png
DUTS-TR-Image\0511.jpg DUTS-TR-Contour\0511.png
DUTS-TR-Image\0514.jpg DUTS-TR-Contour\0514.png
DUTS-TR-Image\0517.jpg DUTS-TR-Contour\0517.png
DUTS-TR-Image\0518.jpg DUTS-TR-Contour\0518.png
DUTS-TR-Image\0519.jpg DUTS-TR-Contour\0519.png
DUTS-TR-Image\0521.jpg DUTS-TR-Contour\0521.png
DUTS-TR-Image\0523.jpg DUTS-TR-Contour\0523.png
DUTS-TR-Image\0524.jpg DUTS-TR-Contour\0524.png
DUTS-TR-Image\0526.jpg DUTS-TR-Contour\0526.png
DUTS-TR-Image\0527.jpg DUTS-TR-Contour\0527.png
DUTS-TR-Image\0528.jpg DUTS-TR-Contour\0528.png
DUTS-TR-Image\0529.jpg DUTS-TR-Contour\0529.png
DUTS-TR-Image\0531.jpg DUTS-TR-Contour\0531.png
DUTS-TR-Image\0533.jpg DUTS-TR-Contour\0533.png
DUTS-TR-Image\0534.jpg DUTS-TR-Contour\0534.png
DUTS-TR-Image\0535.jpg DUTS-TR-Contour\0535.png
DUTS-TR-Image\0537.jpg DUTS-TR-Contour\0537.png
DUTS-TR-Image\0538.jpg DUTS-TR-Contour\0538.png
DUTS-TR-Image\0539.jpg DUTS-TR-Contour\0539.png
DUTS-TR-Image\0540.jpg DUTS-TR-Contour\0540.png
DUTS-TR-Image\0541.jpg DUTS-TR-Contour\0541.png
DUTS-TR-Image\0543.jpg DUTS-TR-Contour\0543.png
DUTS-TR-Image\0544.jpg DUTS-TR-Contour\0544.png
DUTS-TR-Image\0545.jpg DUTS-TR-Contour\0545.png
DUTS-TR-Image\0546.jpg DUTS-TR-Contour\0546.png
DUTS-TR-Image\0547.jpg DUTS-TR-Contour\0547.png
DUTS-TR-Image\0549.jpg DUTS-TR-Contour\0549.png
DUTS-TR-Image\0551.jpg DUTS-TR-Contour\0551.png
DUTS-TR-Image\0552.jpg DUTS-TR-Contour\0552.png
DUTS-TR-Image\0553.jpg DUTS-TR-Contour\0553.png
DUTS-TR-Image\0554.jpg DUTS-TR-Contour\0554.png
DUTS-TR-Image\0556.jpg DUTS-TR-Contour\0556.png
DUTS-TR-Image\0557.jpg DUTS-TR-Contour\0557.png
DUTS-TR-Image\0559.jpg DUTS-TR-Contour\0559.png
DUTS-TR-Image\0560.jpg DUTS-TR-Contour\0560.png
DUTS-TR-Image\0561.jpg DUTS-TR-Contour\0561.png
DUTS-TR-Image\0562.jpg DUTS-TR-Contour\0562.png
DUTS-TR-Image\0563.jpg DUTS-TR-Contour\0563.png
DUTS-TR-Image\0564.jpg DUTS-TR-Contour\0564.png
DUTS-TR-Image\0565.jpg DUTS-TR-Contour\0565.png
DUTS-TR-Image\0566.jpg DUTS-TR-Contour\0566.png
DUTS-TR-Image\0567.jpg DUTS-TR-Contour\0567.png
DUTS-TR-Image\0568.jpg DUTS-TR-Contour\0568.png
DUTS-TR-Image\0570.jpg DUTS-TR-Contour\0570.png
DUTS-TR-Image\0571.jpg DUTS-TR-Contour\0571.png
DUTS-TR-Image\0572.jpg DUTS-TR-Contour\0572.png
DUTS-TR-Image\0574.jpg DUTS-TR-Contour\0574.png
DUTS-TR-Image\0575.jpg DUTS-TR-Contour\0575.png
DUTS-TR-Image\0576.jpg DUTS-TR-Contour\0576.png
DUTS-TR-Image\0578.jpg DUTS-TR-Contour\0578.png
DUTS-TR-Image\0579.jpg DUTS-TR-Contour\0579.png
DUTS-TR-Image\0580.jpg DUTS-TR-Contour\0580.png
DUTS-TR-Image\0581.jpg DUTS-TR-Contour\0581.png
DUTS-TR-Image\0582.jpg DUTS-TR-Contour\0582.png
DUTS-TR-Image\0583.jpg DUTS-TR-Contour\0583.png
DUTS-TR-Image\0584.jpg DUTS-TR-Contour\0584.png
DUTS-TR-Image\0585.jpg DUTS-TR-Contour\0585.png
DUTS-TR-Image\0586.jpg DUTS-TR-Contour\0586.png
DUTS-TR-Image\0588.jpg DUTS-TR-Contour\0588.png
DUTS-TR-Image\0589.jpg DUTS-TR-Contour\0589.png
DUTS-TR-Image\0590.jpg DUTS-TR-Contour\0590.png
DUTS-TR-Image\0591.jpg DUTS-TR-Contour\0591.png
DUTS-TR-Image\0592.jpg DUTS-TR-Contour\0592.png
DUTS-TR-Image\0593.jpg DUTS-TR-Contour\0593.png
DUTS-TR-Image\0594.jpg DUTS-TR-Contour\0594.png
DUTS-TR-Image\0595.jpg DUTS-TR-Contour\0595.png
DUTS-TR-Image\0598.jpg DUTS-TR-Contour\0598.png
DUTS-TR-Image\0599.jpg DUTS-TR-Contour\0599.png
DUTS-TR-Image\0601.jpg DUTS-TR-Contour\0601.png
DUTS-TR-Image\0603.jpg DUTS-TR-Contour\0603.png
DUTS-TR-Image\0604.jpg DUTS-TR-Contour\0604.png
DUTS-TR-Image\0605.jpg DUTS-TR-Contour\0605.png
DUTS-TR-Image\0606.jpg DUTS-TR-Contour\0606.png
DUTS-TR-Image\0607.jpg DUTS-TR-Contour\0607.png
DUTS-TR-Image\0608.jpg DUTS-TR-Contour\0608.png
DUTS-TR-Image\0609.jpg DUTS-TR-Contour\0609.png
DUTS-TR-Image\0610.jpg DUTS-TR-Contour\0610.png
DUTS-TR-Image\0611.jpg DUTS-TR-Contour\0611.png
DUTS-TR-Image\0612.jpg DUTS-TR-Contour\0612.png
DUTS-TR-Image\0614.jpg DUTS-TR-Contour\0614.png
DUTS-TR-Image\0615.jpg DUTS-TR-Contour\0615.png
DUTS-TR-Image\0617.jpg DUTS-TR-Contour\0617.png
DUTS-TR-Image\0618.jpg DUTS-TR-Contour\0618.png
DUTS-TR-Image\0620.jpg DUTS-TR-Contour\0620.png
DUTS-TR-Image\0621.jpg DUTS-TR-Contour\0621.png
DUTS-TR-Image\0622.jpg DUTS-TR-Contour\0622.png
DUTS-TR-Image\0624.jpg DUTS-TR-Contour\0624.png
DUTS-TR-Image\0625.jpg DUTS-TR-Contour\0625.png
DUTS-TR-Image\0628.jpg DUTS-TR-Contour\0628.png
DUTS-TR-Image\0630.jpg DUTS-TR-Contour\0630.png
DUTS-TR-Image\0631.jpg DUTS-TR-Contour\0631.png
DUTS-TR-Image\0632.jpg DUTS-TR-Contour\0632.png
DUTS-TR-Image\0633.jpg DUTS-TR-Contour\0633.png
DUTS-TR-Image\0634.jpg DUTS-TR-Contour\0634.png
DUTS-TR-Image\0635.jpg DUTS-TR-Contour\0635.png
DUTS-TR-Image\0637.jpg DUTS-TR-Contour\0637.png
DUTS-TR-Image\0639.jpg DUTS-TR-Contour\0639.png
DUTS-TR-Image\0643.jpg DUTS-TR-Contour\0643.png
DUTS-TR-Image\0644.jpg DUTS-TR-Contour\0644.png
DUTS-TR-Image\0645.jpg DUTS-TR-Contour\0645.png
DUTS-TR-Image\0646.jpg DUTS-TR-Contour\0646.png
DUTS-TR-Image\0647.jpg DUTS-TR-Contour\0647.png
DUTS-TR-Image\0649.jpg DUTS-TR-Contour\0649.png
DUTS-TR-Image\0650.jpg DUTS-TR-Contour\0650.png
DUTS-TR-Image\0651.jpg DUTS-TR-Contour\0651.png
DUTS-TR-Image\0653.jpg DUTS-TR-Contour\0653.png
DUTS-TR-Image\0655.jpg DUTS-TR-Contour\0655.png
DUTS-TR-Image\0657.jpg DUTS-TR-Contour\0657.png
DUTS-TR-Image\0658.jpg DUTS-TR-Contour\0658.png
DUTS-TR-Image\0659.jpg DUTS-TR-Contour\0659.png
DUTS-TR-Image\0660.jpg DUTS-TR-Contour\0660.png
DUTS-TR-Image\0661.jpg DUTS-TR-Contour\0661.png
DUTS-TR-Image\0662.jpg DUTS-TR-Contour\0662.png
DUTS-TR-Image\0664.jpg DUTS-TR-Contour\0664.png
DUTS-TR-Image\0666.jpg DUTS-TR-Contour\0666.png
DUTS-TR-Image\0667.jpg DUTS-TR-Contour\0667.png
DUTS-TR-Image\0668.jpg DUTS-TR-Contour\0668.png
DUTS-TR-Image\0669.jpg DUTS-TR-Contour\0669.png
DUTS-TR-Image\0670.jpg DUTS-TR-Contour\0670.png
DUTS-TR-Image\0671.jpg DUTS-TR-Contour\0671.png
DUTS-TR-Image\0672.jpg DUTS-TR-Contour\0672.png
DUTS-TR-Image\0673.jpg DUTS-TR-Contour\0673.png
DUTS-TR-Image\0675.jpg DUTS-TR-Contour\0675.png
DUTS-TR-Image\0676.jpg DUTS-TR-Contour\0676.png
DUTS-TR-Image\0678.jpg DUTS-TR-Contour\0678.png
DUTS-TR-Image\0679.jpg DUTS-TR-Contour\0679.png
DUTS-TR-Image\0680.jpg DUTS-TR-Contour\0680.png
DUTS-TR-Image\0681.jpg DUTS-TR-Contour\0681.png
DUTS-TR-Image\0682.jpg DUTS-TR-Contour\0682.png
DUTS-TR-Image\0683.jpg DUTS-TR-Contour\0683.png
DUTS-TR-Image\0685.jpg DUTS-TR-Contour\0685.png
DUTS-TR-Image\0686.jpg DUTS-TR-Contour\0686.png
DUTS-TR-Image\0689.jpg DUTS-TR-Contour\0689.png
DUTS-TR-Image\0690.jpg DUTS-TR-Contour\0690.png
DUTS-TR-Image\0691.jpg DUTS-TR-Contour\0691.png
DUTS-TR-Image\0692.jpg DUTS-TR-Contour\0692.png
DUTS-TR-Image\0693.jpg DUTS-TR-Contour\0693.png
DUTS-TR-Image\0694.jpg DUTS-TR-Contour\0694.png
DUTS-TR-Image\0696.jpg DUTS-TR-Contour\0696.png
DUTS-TR-Image\0698.jpg DUTS-TR-Contour\0698.png
DUTS-TR-Image\0699.jpg DUTS-TR-Contour\0699.png
DUTS-TR-Image\0701.jpg DUTS-TR-Contour\0701.png
DUTS-TR-Image\0702.jpg DUTS-TR-Contour\0702.png
DUTS-TR-Image\0703.jpg DUTS-TR-Contour\0703.png
DUTS-TR-Image\0704.jpg DUTS-TR-Contour\0704.png
DUTS-TR-Image\0705.jpg DUTS-TR-Contour\0705.png
DUTS-TR-Image\0708.jpg DUTS-TR-Contour\0708.png
DUTS-TR-Image\0709.jpg DUTS-TR-Contour\0709.png
DUTS-TR-Image\0710.jpg DUTS-TR-Contour\0710.png
DUTS-TR-Image\0711.jpg DUTS-TR-Contour\0711.png
DUTS-TR-Image\0712.jpg DUTS-TR-Contour\0712.png
DUTS-TR-Image\0717.jpg DUTS-TR-Contour\0717.png
DUTS-TR-Image\0719.jpg DUTS-TR-Contour\0719.png
DUTS-TR-Image\0720.jpg DUTS-TR-Contour\0720.png
DUTS-TR-Image\0721.jpg DUTS-TR-Contour\0721.png
DUTS-TR-Image\0723.jpg DUTS-TR-Contour\0723.png
DUTS-TR-Image\0725.jpg DUTS-TR-Contour\0725.png
DUTS-TR-Image\0727.jpg DUTS-TR-Contour\0727.png
DUTS-TR-Image\0728.jpg DUTS-TR-Contour\0728.png
DUTS-TR-Image\0730.jpg DUTS-TR-Contour\0730.png
DUTS-TR-Image\0731.jpg DUTS-TR-Contour\0731.png
DUTS-TR-Image\0732.jpg DUTS-TR-Contour\0732.png
DUTS-TR-Image\0733.jpg DUTS-TR-Contour\0733.png
DUTS-TR-Image\0735.jpg DUTS-TR-Contour\0735.png
DUTS-TR-Image\0736.jpg DUTS-TR-Contour\0736.png
DUTS-TR-Image\0737.jpg DUTS-TR-Contour\0737.png
DUTS-TR-Image\0738.jpg DUTS-TR-Contour\0738.png
DUTS-TR-Image\0742.jpg DUTS-TR-Contour\0742.png
DUTS-TR-Image\0743.jpg DUTS-TR-Contour\0743.png
DUTS-TR-Image\0744.jpg DUTS-TR-Contour\0744.png
DUTS-TR-Image\0746.jpg DUTS-TR-Contour\0746.png
DUTS-TR-Image\0747.jpg DUTS-TR-Contour\0747.png
DUTS-TR-Image\0748.jpg DUTS-TR-Contour\0748.png
DUTS-TR-Image\0753.jpg DUTS-TR-Contour\0753.png
DUTS-TR-Image\0755.jpg DUTS-TR-Contour\0755.png
DUTS-TR-Image\0756.jpg DUTS-TR-Contour\0756.png
DUTS-TR-Image\0758.jpg DUTS-TR-Contour\0758.png
DUTS-TR-Image\0760.jpg DUTS-TR-Contour\0760.png
DUTS-TR-Image\0761.jpg DUTS-TR-Contour\0761.png
DUTS-TR-Image\0762.jpg DUTS-TR-Contour\0762.png
DUTS-TR-Image\0763.jpg DUTS-TR-Contour\0763.png
DUTS-TR-Image\0764.jpg DUTS-TR-Contour\0764.png
DUTS-TR-Image\0765.jpg DUTS-TR-Contour\0765.png
DUTS-TR-Image\0766.jpg DUTS-TR-Contour\0766.png
DUTS-TR-Image\0767.jpg DUTS-TR-Contour\0767.png
DUTS-TR-Image\0769.jpg DUTS-TR-Contour\0769.png
DUTS-TR-Image\0771.jpg DUTS-TR-Contour\0771.png
DUTS-TR-Image\0773.jpg DUTS-TR-Contour\0773.png
DUTS-TR-Image\0774.jpg DUTS-TR-Contour\0774.png
DUTS-TR-Image\0775.jpg DUTS-TR-Contour\0775.png
DUTS-TR-Image\0776.jpg DUTS-TR-Contour\0776.png
DUTS-TR-Image\0781.jpg DUTS-TR-Contour\0781.png
DUTS-TR-Image\0782.jpg DUTS-TR-Contour\0782.png
DUTS-TR-Image\0783.jpg DUTS-TR-Contour\0783.png
DUTS-TR-Image\0784.jpg DUTS-TR-Contour\0784.png
DUTS-TR-Image\0787.jpg DUTS-TR-Contour\0787.png
DUTS-TR-Image\0789.jpg DUTS-TR-Contour\0789.png
DUTS-TR-Image\0790.jpg DUTS-TR-Contour\0790.png
DUTS-TR-Image\0793.jpg DUTS-TR-Contour\0793.png
DUTS-TR-Image\0795.jpg DUTS-TR-Contour\0795.png
DUTS-TR-Image\0796.jpg DUTS-TR-Contour\0796.png
DUTS-TR-Image\0797.jpg DUTS-TR-Contour\0797.png
DUTS-TR-Image\0801.jpg DUTS-TR-Contour\0801.png
DUTS-TR-Image\0803.jpg DUTS-TR-Contour\0803.png
DUTS-TR-Image\0805.jpg DUTS-TR-Contour\0805.png
DUTS-TR-Image\0806.jpg DUTS-TR-Contour\0806.png
DUTS-TR-Image\0807.jpg DUTS-TR-Contour\0807.png
DUTS-TR-Image\0808.jpg DUTS-TR-Contour\0808.png
DUTS-TR-Image\0809.jpg DUTS-TR-Contour\0809.png
DUTS-TR-Image\0811.jpg DUTS-TR-Contour\0811.png
DUTS-TR-Image\0812.jpg DUTS-TR-Contour\0812.png
DUTS-TR-Image\0814.jpg DUTS-TR-Contour\0814.png
DUTS-TR-Image\0816.jpg DUTS-TR-Contour\0816.png
DUTS-TR-Image\0821.jpg DUTS-TR-Contour\0821.png
DUTS-TR-Image\0822.jpg DUTS-TR-Contour\0822.png
DUTS-TR-Image\0823.jpg DUTS-TR-Contour\0823.png
DUTS-TR-Image\0824.jpg DUTS-TR-Contour\0824.png
DUTS-TR-Image\0825.jpg DUTS-TR-Contour\0825.png
DUTS-TR-Image\0826.jpg DUTS-TR-Contour\0826.png
DUTS-TR-Image\0827.jpg DUTS-TR-Contour\0827.png
DUTS-TR-Image\0828.jpg DUTS-TR-Contour\0828.png
DUTS-TR-Image\0829.jpg DUTS-TR-Contour\0829.png
DUTS-TR-Image\0830.jpg DUTS-TR-Contour\0830.png
DUTS-TR-Image\0831.jpg DUTS-TR-Contour\0831.png
DUTS-TR-Image\0832.jpg DUTS-TR-Contour\0832.png
DUTS-TR-Image\0833.jpg DUTS-TR-Contour\0833.png
DUTS-TR-Image\0834.jpg DUTS-TR-Contour\0834.png
DUTS-TR-Image\0835.jpg DUTS-TR-Contour\0835.png
DUTS-TR-Image\0836.jpg DUTS-TR-Contour\0836.png
DUTS-TR-Image\0837.jpg DUTS-TR-Contour\0837.png
DUTS-TR-Image\0838.jpg DUTS-TR-Contour\0838.png
DUTS-TR-Image\0839.jpg DUTS-TR-Contour\0839.png
DUTS-TR-Image\0842.jpg DUTS-TR-Contour\0842.png
DUTS-TR-Image\0843.jpg DUTS-TR-Contour\0843.png
DUTS-TR-Image\0844.jpg DUTS-TR-Contour\0844.png
DUTS-TR-Image\0845.jpg DUTS-TR-Contour\0845.png
DUTS-TR-Image\0846.jpg DUTS-TR-Contour\0846.png
DUTS-TR-Image\0848.jpg DUTS-TR-Contour\0848.png
DUTS-TR-Image\0849.jpg DUTS-TR-Contour\0849.png
DUTS-TR-Image\0853.jpg DUTS-TR-Contour\0853.png
DUTS-TR-Image\0854.jpg DUTS-TR-Contour\0854.png
DUTS-TR-Image\0856.jpg DUTS-TR-Contour\0856.png
DUTS-TR-Image\0858.jpg DUTS-TR-Contour\0858.png
DUTS-TR-Image\0859.jpg DUTS-TR-Contour\0859.png
DUTS-TR-Image\0861.jpg DUTS-TR-Contour\0861.png
DUTS-TR-Image\0862.jpg DUTS-TR-Contour\0862.png
DUTS-TR-Image\0863.jpg DUTS-TR-Contour\0863.png
DUTS-TR-Image\0864.jpg DUTS-TR-Contour\0864.png
DUTS-TR-Image\0866.jpg DUTS-TR-Contour\0866.png
DUTS-TR-Image\0867.jpg DUTS-TR-Contour\0867.png
DUTS-TR-Image\0869.jpg DUTS-TR-Contour\0869.png
DUTS-TR-Image\0871.jpg DUTS-TR-Contour\0871.png
DUTS-TR-Image\0872.jpg DUTS-TR-Contour\0872.png
DUTS-TR-Image\0873.jpg DUTS-TR-Contour\0873.png
DUTS-TR-Image\0874.jpg DUTS-TR-Contour\0874.png
DUTS-TR-Image\0877.jpg DUTS-TR-Contour\0877.png
DUTS-TR-Image\0879.jpg DUTS-TR-Contour\0879.png
DUTS-TR-Image\0880.jpg DUTS-TR-Contour\0880.png
DUTS-TR-Image\0881.jpg DUTS-TR-Contour\0881.png
DUTS-TR-Image\0882.jpg DUTS-TR-Contour\0882.png
DUTS-TR-Image\0883.jpg DUTS-TR-Contour\0883.png
DUTS-TR-Image\0884.jpg DUTS-TR-Contour\0884.png
DUTS-TR-Image\0885.jpg DUTS-TR-Contour\0885.png
DUTS-TR-Image\0886.jpg DUTS-TR-Contour\0886.png
DUTS-TR-Image\0887.jpg DUTS-TR-Contour\0887.png
DUTS-TR-Image\0888.jpg DUTS-TR-Contour\0888.png
DUTS-TR-Image\0889.jpg DUTS-TR-Contour\0889.png
DUTS-TR-Image\0892.jpg DUTS-TR-Contour\0892.png
DUTS-TR-Image\0895.jpg DUTS-TR-Contour\0895.png
DUTS-TR-Image\0896.jpg DUTS-TR-Contour\0896.png
DUTS-TR-Image\0898.jpg DUTS-TR-Contour\0898.png
DUTS-TR-Image\0899.jpg DUTS-TR-Contour\0899.png
DUTS-TR-Image\0900.jpg DUTS-TR-Contour\0900.png
DUTS-TR-Image\0902.jpg DUTS-TR-Contour\0902.png
DUTS-TR-Image\0903.jpg DUTS-TR-Contour\0903.png
DUTS-TR-Image\0905.jpg DUTS-TR-Contour\0905.png
DUTS-TR-Image\0907.jpg DUTS-TR-Contour\0907.png
DUTS-TR-Image\0908.jpg DUTS-TR-Contour\0908.png
DUTS-TR-Image\0911.jpg DUTS-TR-Contour\0911.png
DUTS-TR-Image\0912.jpg DUTS-TR-Contour\0912.png
DUTS-TR-Image\0913.jpg DUTS-TR-Contour\0913.png
DUTS-TR-Image\0915.jpg DUTS-TR-Contour\0915.png
DUTS-TR-Image\0916.jpg DUTS-TR-Contour\0916.png
DUTS-TR-Image\0917.jpg DUTS-TR-Contour\0917.png
DUTS-TR-Image\0918.jpg DUTS-TR-Contour\0918.png
DUTS-TR-Image\0919.jpg DUTS-TR-Contour\0919.png
DUTS-TR-Image\0921.jpg DUTS-TR-Contour\0921.png
DUTS-TR-Image\0922.jpg DUTS-TR-Contour\0922.png
DUTS-TR-Image\0923.jpg DUTS-TR-Contour\0923.png
DUTS-TR-Image\0924.jpg DUTS-TR-Contour\0924.png
DUTS-TR-Image\0927.jpg DUTS-TR-Contour\0927.png
DUTS-TR-Image\0928.jpg DUTS-TR-Contour\0928.png
DUTS-TR-Image\0929.jpg DUTS-TR-Contour\0929.png
DUTS-TR-Image\0931.jpg DUTS-TR-Contour\0931.png
DUTS-TR-Image\0932.jpg DUTS-TR-Contour\0932.png
DUTS-TR-Image\0933.jpg DUTS-TR-Contour\0933.png
DUTS-TR-Image\0936.jpg DUTS-TR-Contour\0936.png
DUTS-TR-Image\0937.jpg DUTS-TR-Contour\0937.png
DUTS-TR-Image\0938.jpg DUTS-TR-Contour\0938.png
DUTS-TR-Image\0939.jpg DUTS-TR-Contour\0939.png
DUTS-TR-Image\0941.jpg DUTS-TR-Contour\0941.png
DUTS-TR-Image\0943.jpg DUTS-TR-Contour\0943.png
DUTS-TR-Image\0944.jpg DUTS-TR-Contour\0944.png
DUTS-TR-Image\0945.jpg DUTS-TR-Contour\0945.png
DUTS-TR-Image\0946.jpg DUTS-TR-Contour\0946.png
DUTS-TR-Image\0947.jpg DUTS-TR-Contour\0947.png
DUTS-TR-Image\0948.jpg DUTS-TR-Contour\0948.png
DUTS-TR-Image\0950.jpg DUTS-TR-Contour\0950.png
DUTS-TR-Image\0951.jpg DUTS-TR-Contour\0951.png
DUTS-TR-Image\0952.jpg DUTS-TR-Contour\0952.png
DUTS-TR-Image\0953.jpg DUTS-TR-Contour\0953.png
DUTS-TR-Image\0954.jpg DUTS-TR-Contour\0954.png
DUTS-TR-Image\0955.jpg DUTS-TR-Contour\0955.png
DUTS-TR-Image\0958.jpg DUTS-TR-Contour\0958.png
DUTS-TR-Image\0959.jpg DUTS-TR-Contour\0959.png
DUTS-TR-Image\0960.jpg DUTS-TR-Contour\0960.png
DUTS-TR-Image\0961.jpg DUTS-TR-Contour\0961.png
DUTS-TR-Image\0962.jpg DUTS-TR-Contour\0962.png
DUTS-TR-Image\0963.jpg DUTS-TR-Contour\0963.png
DUTS-TR-Image\0964.jpg DUTS-TR-Contour\0964.png
DUTS-TR-Image\0965.jpg DUTS-TR-Contour\0965.png
DUTS-TR-Image\0967.jpg DUTS-TR-Contour\0967.png
DUTS-TR-Image\0968.jpg DUTS-TR-Contour\0968.png
DUTS-TR-Image\0969.jpg DUTS-TR-Contour\0969.png
DUTS-TR-Image\0970.jpg DUTS-TR-Contour\0970.png
DUTS-TR-Image\0973.jpg DUTS-TR-Contour\0973.png
DUTS-TR-Image\0974.jpg DUTS-TR-Contour\0974.png
DUTS-TR-Image\0975.jpg DUTS-TR-Contour\0975.png
DUTS-TR-Image\0976.jpg DUTS-TR-Contour\0976.png
DUTS-TR-Image\0978.jpg DUTS-TR-Contour\0978.png
DUTS-TR-Image\0979.jpg DUTS-TR-Contour\0979.png
DUTS-TR-Image\0980.jpg DUTS-TR-Contour\0980.png
DUTS-TR-Image\0982.jpg DUTS-TR-Contour\0982.png
DUTS-TR-Image\0983.jpg DUTS-TR-Contour\0983.png
DUTS-TR-Image\0984.jpg DUTS-TR-Contour\0984.png
DUTS-TR-Image\0985.jpg DUTS-TR-Contour\0985.png
DUTS-TR-Image\0987.jpg DUTS-TR-Contour\0987.png
DUTS-TR-Image\0988.jpg DUTS-TR-Contour\0988.png
DUTS-TR-Image\0989.jpg DUTS-TR-Contour\0989.png
DUTS-TR-Image\0990.jpg DUTS-TR-Contour\0990.png
DUTS-TR-Image\0991.jpg DUTS-TR-Contour\0991.png
DUTS-TR-Image\0992.jpg DUTS-TR-Contour\0992.png
DUTS-TR-Image\0995.jpg DUTS-TR-Contour\0995.png
DUTS-TR-Image\0996.jpg DUTS-TR-Contour\0996.png
DUTS-TR-Image\0998.jpg DUTS-TR-Contour\0998.png
